// Jest Snapshot v1, https://goo.gl/fbAQLP

exports[`<ItemList /> renders correctly 1`] = `
ShallowWrapper {
  "length": 1,
  Symbol(enzyme.__root__): [Circular],
  Symbol(enzyme.__unrendered__): <ItemList
    blocks={
      Array [
        Object {
          "items": Array [
            Object {
              "added": 7,
              "bmah": null,
              "class": null,
              "collected": true,
              "content": 7,
              "faction": 2,
              "icon": "inv_serpentmount_green",
              "id": 232519,
              "name": "Abyss Worm",
              "quality": 4,
              "source": 109,
              "sub1": null,
              "sub2": null,
            },
          ],
          "name": "Drop",
        },
      ]
    }
    content={1}
    progress={
      Object {
        "count": 1,
        "total": 2,
      }
    }
  />,
  Symbol(enzyme.__renderer__): Object {
    "batchedUpdates": [Function],
    "getNode": [Function],
    "render": [Function],
    "simulateEvent": [Function],
    "unmount": [Function],
  },
  Symbol(enzyme.__node__): Object {
    "instance": null,
    "key": undefined,
    "nodeType": "class",
    "props": Object {
      "children": Array [
        <ProgressBar
          count={1}
          title="Classic"
          total={2}
        />,
        Array [
          <ItemListBlock>
            <BlockTitle>
              Drop
            </BlockTitle>
            <ItemTile
              added={7}
              bmah={null}
              class={null}
              collected={true}
              content={7}
              faction={2}
              icon="inv_serpentmount_green"
              id={232519}
              name="Abyss Worm"
              quality={4}
              source={109}
              sub1={null}
              sub2={null}
            />
          </ItemListBlock>,
        ],
      ],
    },
    "ref": null,
    "rendered": Array [
      Object {
        "instance": null,
        "key": undefined,
        "nodeType": "function",
        "props": Object {
          "count": 1,
          "title": "Classic",
          "total": 2,
        },
        "ref": null,
        "rendered": null,
        "type": [Function],
      },
      Object {
        "instance": null,
        "key": "Drop",
        "nodeType": "class",
        "props": Object {
          "children": Array [
            <BlockTitle>
              Drop
            </BlockTitle>,
            Array [
              <ItemTile
                added={7}
                bmah={null}
                class={null}
                collected={true}
                content={7}
                faction={2}
                icon="inv_serpentmount_green"
                id={232519}
                name="Abyss Worm"
                quality={4}
                source={109}
                sub1={null}
                sub2={null}
              />,
            ],
          ],
        },
        "ref": null,
        "rendered": Array [
          Object {
            "instance": null,
            "key": undefined,
            "nodeType": "class",
            "props": Object {
              "children": "Drop",
            },
            "ref": null,
            "rendered": "Drop",
            "type": [Function],
          },
          Object {
            "instance": null,
            "key": "232519",
            "nodeType": "function",
            "props": Object {
              "added": 7,
              "bmah": null,
              "class": null,
              "collected": true,
              "content": 7,
              "faction": 2,
              "icon": "inv_serpentmount_green",
              "id": 232519,
              "name": "Abyss Worm",
              "quality": 4,
              "source": 109,
              "sub1": null,
              "sub2": null,
            },
            "ref": null,
            "rendered": null,
            "type": [Function],
          },
        ],
        "type": [Function],
      },
    ],
    "type": [Function],
  },
  Symbol(enzyme.__nodes__): Array [
    Object {
      "instance": null,
      "key": undefined,
      "nodeType": "class",
      "props": Object {
        "children": Array [
          <ProgressBar
            count={1}
            title="Classic"
            total={2}
          />,
          Array [
            <ItemListBlock>
              <BlockTitle>
                Drop
              </BlockTitle>
              <ItemTile
                added={7}
                bmah={null}
                class={null}
                collected={true}
                content={7}
                faction={2}
                icon="inv_serpentmount_green"
                id={232519}
                name="Abyss Worm"
                quality={4}
                source={109}
                sub1={null}
                sub2={null}
              />
            </ItemListBlock>,
          ],
        ],
      },
      "ref": null,
      "rendered": Array [
        Object {
          "instance": null,
          "key": undefined,
          "nodeType": "function",
          "props": Object {
            "count": 1,
            "title": "Classic",
            "total": 2,
          },
          "ref": null,
          "rendered": null,
          "type": [Function],
        },
        Object {
          "instance": null,
          "key": "Drop",
          "nodeType": "class",
          "props": Object {
            "children": Array [
              <BlockTitle>
                Drop
              </BlockTitle>,
              Array [
                <ItemTile
                  added={7}
                  bmah={null}
                  class={null}
                  collected={true}
                  content={7}
                  faction={2}
                  icon="inv_serpentmount_green"
                  id={232519}
                  name="Abyss Worm"
                  quality={4}
                  source={109}
                  sub1={null}
                  sub2={null}
                />,
              ],
            ],
          },
          "ref": null,
          "rendered": Array [
            Object {
              "instance": null,
              "key": undefined,
              "nodeType": "class",
              "props": Object {
                "children": "Drop",
              },
              "ref": null,
              "rendered": "Drop",
              "type": [Function],
            },
            Object {
              "instance": null,
              "key": "232519",
              "nodeType": "function",
              "props": Object {
                "added": 7,
                "bmah": null,
                "class": null,
                "collected": true,
                "content": 7,
                "faction": 2,
                "icon": "inv_serpentmount_green",
                "id": 232519,
                "name": "Abyss Worm",
                "quality": 4,
                "source": 109,
                "sub1": null,
                "sub2": null,
              },
              "ref": null,
              "rendered": null,
              "type": [Function],
            },
          ],
          "type": [Function],
        },
      ],
      "type": [Function],
    },
  ],
  Symbol(enzyme.__options__): Object {
    "adapter": ReactSixteenAdapter {
      "options": Object {
        "enableComponentDidUpdateOnSetState": true,
      },
    },
  },
}
`;
